../Core/Src/main.c:101:10:map_angle_to_pulse	16	static
../Core/Src/main.c:114:6:parse_servo_command	24	static
../Core/Src/main.c:142:6:HAL_UART_RxCpltCallback	16	static
../Core/Src/main.c:161:5:main	96	static
../Core/Src/main.c:245:6:SystemClock_Config	88	static
../Core/Src/main.c:303:13:MX_ETH_Init	8	static
../Core/Src/main.c:352:13:MX_TIM5_Init	64	static
../Core/Src/main.c:415:13:MX_USART3_UART_Init	8	static
../Core/Src/main.c:450:13:MX_USB_OTG_FS_PCD_Init	8	static
../Core/Src/main.c:485:13:MX_GPIO_Init	56	static
../Core/Src/main.c:553:6:Error_Handler	4	static,ignoring_inline_asm
