18:09:21 **** Incremental Build of configuration Debug for project project-0-nucl ****
make -j32 all 
arm-none-eabi-gcc "../Core/Src/main.c" -mcpu=cortex-m7 -std=gnu11 -g3 -DDEBUG -DUSE_HAL_DRIVER -DSTM32F767xx -c -I../Core/Inc -I../Drivers/STM32F7xx_HAL_Driver/Inc -I../Drivers/STM32F7xx_HAL_Driver/Inc/Legacy -I../Drivers/CMSIS/Device/ST/STM32F7xx/Include -I../Drivers/CMSIS/Include -O0 -ffunction-sections -fdata-sections -Wall -fstack-usage -fcyclomatic-complexity -MMD -MP -MF"Core/Src/main.d" -MT"Core/Src/main.o" --specs=nano.specs -mfpu=fpv5-d16 -mfloat-abi=hard -mthumb -o "Core/Src/main.o"
arm-none-eabi-gcc -o "project-0-nucl.elf" @"objects.list"   -mcpu=cortex-m7 -T"/home/marco/Documents/project-0/project-0-nucl/project-0-nucl/STM32F767ZITX_FLASH.ld" --specs=nosys.specs -Wl,-Map="project-0-nucl.map" -Wl,--gc-sections -static --specs=nano.specs -mfpu=fpv5-d16 -mfloat-abi=hard -mthumb -Wl,--start-group -lc -lm -Wl,--end-group
Finished building target: project-0-nucl.elf
 
arm-none-eabi-size  project-0-nucl.elf 
arm-none-eabi-objdump -h -S project-0-nucl.elf  > "project-0-nucl.list"
   text	   data	    bss	    dec	    hex	filename
  28508	    412	   3636	  32556	   7f2c	project-0-nucl.elf
Finished building: default.size.stdout
 
Finished building: project-0-nucl.list
 
18:09:24 **** Incremental Build of configuration Debug for project project-0-nucl ****
make -j32 all 
arm-none-eabi-size  project-0-nucl.elf 
   text	   data	    bss	    dec	    hex	filename
  28508	    412	   3636	  32556	   7f2c	project-0-nucl.elf
Finished building: default.size.stdout
 
18:11:43 **** Incremental Build of configuration Debug for project project-0-nucl ****
make -j32 all 
arm-none-eabi-size  project-0-nucl.elf 
   text	   data	    bss	    dec	    hex	filename
  28508	    412	   3636	  32556	   7f2c	project-0-nucl.elf
Finished building: default.size.stdout
 
18:17:46 **** Incremental Build of configuration Debug for project project-0-nucl ****
make -j32 all 
arm-none-eabi-size  project-0-nucl.elf 
   text	   data	    bss	    dec	    hex	filename
  28508	    412	   3636	  32556	   7f2c	project-0-nucl.elf
Finished building: default.size.stdout
 
